2026-08-03T06:32:43Z kill reason=per_process_limit pid=1703833 rss_kb=12763396 command=/opt/codeweaver-experiments/runs/noplanning/crust__tisp/rep0/pipeline/target/target/debug/deps/test-535a0b89030f0d8b
2026-08-03T06:46:13Z kill reason=per_process_limit pid=1760547 rss_kb=12887768 command=/opt/codeweaver-experiments/runs/noplanning/crust__tisp/rep0/pipeline/target/target/debug/deps/test-535a0b89030f0d8b
2026-08-03T06:47:19Z kill reason=per_process_limit pid=1765726 rss_kb=13118576 command=/opt/codeweaver-experiments/runs/noplanning/crust__tisp/rep0/pipeline/target/target/debug/deps/test-535a0b89030f0d8b
2026-08-03T06:48:48Z kill reason=per_process_limit pid=1772059 rss_kb=13103648 command=/opt/codeweaver-experiments/runs/noplanning/crust__tisp/rep0/pipeline/target/target/debug/deps/test-535a0b89030f0d8b
2026-08-03T06:49:28Z kill reason=per_process_limit pid=1775269 rss_kb=13014140 command=/opt/codeweaver-experiments/runs/noplanning/crust__tisp/rep0/pipeline/target/target/debug/deps/test-535a0b89030f0d8b
2026-08-03T06:50:31Z kill reason=per_process_limit pid=1780090 rss_kb=12665156 command=/opt/codeweaver-experiments/runs/noplanning/crust__tisp/rep0/pipeline/target/target/debug/deps/test-535a0b89030f0d8b
2026-08-03T06:51:33Z kill reason=per_process_limit pid=1784920 rss_kb=12888228 command=/opt/codeweaver-experiments/runs/noplanning/crust__tisp/rep0/pipeline/target/target/debug/deps/test-535a0b89030f0d8b
2026-08-03T06:52:33Z kill reason=per_process_limit pid=1789512 rss_kb=12814572 command=/opt/codeweaver-experiments/runs/noplanning/crust__tisp/rep0/pipeline/target/target/debug/deps/test-535a0b89030f0d8b
2026-08-03T06:53:48Z kill reason=per_process_limit pid=1795452 rss_kb=12781536 command=/opt/codeweaver-experiments/runs/noplanning/crust__tisp/rep0/pipeline/target/target/debug/deps/test-535a0b89030f0d8b
2026-08-03T06:54:37Z kill reason=per_process_limit pid=1799328 rss_kb=12913748 command=/opt/codeweaver-experiments/runs/noplanning/crust__tisp/rep0/pipeline/target/target/debug/deps/test-535a0b89030f0d8b
2026-08-03T06:55:44Z kill reason=per_process_limit pid=1804486 rss_kb=13035088 command=/opt/codeweaver-experiments/runs/noplanning/crust__tisp/rep0/pipeline/target/target/debug/deps/test-535a0b89030f0d8b
2026-08-03T06:56:38Z kill reason=per_process_limit pid=1808749 rss_kb=13084984 command=/opt/codeweaver-experiments/runs/noplanning/crust__tisp/rep0/pipeline/target/target/debug/deps/test-535a0b89030f0d8b
2026-08-03T07:13:25Z kill reason=per_process_limit pid=1881393 rss_kb=12923508 command=/opt/codeweaver-experiments/runs/noplanning/crust__tisp/rep0/pipeline/target/target/debug/deps/test-535a0b89030f0d8b
2026-08-03T07:14:17Z kill reason=per_process_limit pid=1885559 rss_kb=12870584 command=/opt/codeweaver-experiments/runs/noplanning/crust__tisp/rep0/pipeline/target/target/debug/deps/test-535a0b89030f0d8b
2026-08-03T07:15:14Z kill reason=per_process_limit pid=1890549 rss_kb=12601896 command=/opt/codeweaver-experiments/runs/noplanning/crust__tisp/rep0/pipeline/target/target/debug/deps/test-535a0b89030f0d8b
2026-08-03T07:18:09Z kill reason=per_process_limit pid=1902829 rss_kb=12769400 command=/opt/codeweaver-experiments/runs/noplanning/crust__tisp/rep0/pipeline/target/target/debug/deps/test-535a0b89030f0d8b
2026-08-03T07:22:04Z kill reason=per_process_limit pid=1919483 rss_kb=12626492 command=/opt/codeweaver-experiments/runs/noplanning/crust__tisp/rep0/pipeline/target/target/debug/deps/test-535a0b89030f0d8b
2026-08-03T07:22:41Z kill reason=per_process_limit pid=1922578 rss_kb=12697344 command=/opt/codeweaver-experiments/runs/noplanning/crust__tisp/rep0/pipeline/target/target/debug/deps/test-535a0b89030f0d8b
2026-08-03T07:23:38Z kill reason=per_process_limit pid=1926884 rss_kb=12982768 command=/opt/codeweaver-experiments/runs/noplanning/crust__tisp/rep0/pipeline/target/target/debug/deps/test-535a0b89030f0d8b
2026-08-03T07:24:40Z kill reason=per_process_limit pid=1931660 rss_kb=13031764 command=/opt/codeweaver-experiments/runs/noplanning/crust__tisp/rep0/pipeline/target/target/debug/deps/test-535a0b89030f0d8b
2026-08-03T07:25:17Z kill reason=per_process_limit pid=1934613 rss_kb=13038380 command=/opt/codeweaver-experiments/runs/noplanning/crust__tisp/rep0/pipeline/target/target/debug/deps/test-535a0b89030f0d8b
2026-08-03T07:25:54Z kill reason=per_process_limit pid=1937567 rss_kb=12816720 command=/opt/codeweaver-experiments/runs/noplanning/crust__tisp/rep0/pipeline/target/target/debug/deps/test-535a0b89030f0d8b
2026-08-03T19:15:13Z kill reason=per_process_limit pid=842582 rss_kb=12933412 command=/opt/codeweaver-experiments/runs/novalidator/crust__remimu/rep0/pipeline/target/target/debug/deps/Remimu-48ab9130e9ee43b5
2026-08-03T19:18:20Z kill reason=per_process_limit pid=873322 rss_kb=12917104 command=/opt/codeweaver-experiments/runs/novalidator/crust__remimu/rep0/pipeline/target/target/debug/deps/Remimu-48ab9130e9ee43b5
2026-08-04T00:02:13Z kill reason=per_process_limit pid=3385748 rss_kb=13360516 command=/opt/codeweaver-experiments/runs/noanalyzer/crust__tisp/rep0/pipeline/target/target/debug/deps/tisp_proj-fe092ade7536cb76
2026-08-04T00:04:13Z kill reason=per_process_limit pid=3400810 rss_kb=12701196 command=/opt/codeweaver-experiments/runs/noanalyzer/crust__tisp/rep0/pipeline/target/target/debug/deps/test-535a0b89030f0d8b
2026-08-04T00:07:57Z kill reason=per_process_limit pid=3432660 rss_kb=12770712 command=/opt/codeweaver-experiments/runs/noanalyzer/crust__tisp/rep0/pipeline/target/target/debug/deps/test-535a0b89030f0d8b
2026-08-04T00:22:24Z kill reason=per_process_limit pid=3553385 rss_kb=12984288 command=./test_lib4
2026-08-04T00:23:46Z kill reason=per_process_limit pid=3562843 rss_kb=12838208 command=./test_lib4
2026-08-04T00:30:25Z kill reason=per_process_limit pid=3612243 rss_kb=12802852 command=./test_count
2026-08-04T00:32:23Z kill reason=per_process_limit pid=3627228 rss_kb=12980808 command=/opt/codeweaver-experiments/runs/noanalyzer/crust__tisp/rep0/pipeline/target/target/debug/deps/test-535a0b89030f0d8b
2026-08-04T00:33:20Z kill reason=per_process_limit pid=3635008 rss_kb=13092480 command=/opt/codeweaver-experiments/runs/noanalyzer/crust__tisp/rep0/pipeline/target/target/debug/deps/test-535a0b89030f0d8b
2026-08-04T00:34:25Z kill reason=per_process_limit pid=3646241 rss_kb=12818372 command=/opt/codeweaver-experiments/runs/noanalyzer/crust__tisp/rep0/pipeline/target/target/debug/deps/tisp_proj-fe092ade7536cb76
2026-08-04T00:34:47Z kill reason=per_process_limit pid=3649250 rss_kb=13444824 command=/opt/codeweaver-experiments/runs/noanalyzer/crust__tisp/rep0/pipeline/target/target/debug/deps/tisp_proj-fe092ade7536cb76
2026-08-04T00:35:06Z kill reason=per_process_limit pid=3651842 rss_kb=12587088 command=/opt/codeweaver-experiments/runs/noanalyzer/crust__tisp/rep0/pipeline/target/target/debug/deps/tisp_proj-fe092ade7536cb76
2026-08-04T00:35:23Z kill reason=per_process_limit pid=3654123 rss_kb=13027608 command=/opt/codeweaver-experiments/runs/noanalyzer/crust__tisp/rep0/pipeline/target/target/debug/deps/tisp_proj-fe092ade7536cb76
2026-08-04T00:36:10Z kill reason=per_process_limit pid=3658045 rss_kb=12599836 command=/opt/codeweaver-experiments/runs/noanalyzer/crust__tisp/rep0/pipeline/target/target/debug/deps/tisp_proj-fe092ade7536cb76
2026-08-04T00:36:43Z kill reason=per_process_limit pid=3662440 rss_kb=12888536 command=/opt/codeweaver-experiments/runs/noanalyzer/crust__tisp/rep0/pipeline/target/target/debug/deps/tisp_proj-fe092ade7536cb76
2026-08-04T00:39:17Z kill reason=per_process_limit pid=3681205 rss_kb=13153548 command=/opt/codeweaver-experiments/runs/noanalyzer/crust__tisp/rep0/pipeline/target/target/debug/deps/test-535a0b89030f0d8b
2026-08-04T00:51:54Z kill reason=per_process_limit pid=3774873 rss_kb=13072388 command=/tmp/test_load
2026-08-04T00:52:58Z kill reason=per_process_limit pid=3782941 rss_kb=12944660 command=/tmp/test_load
2026-08-04T01:02:07Z kill reason=per_process_limit pid=3855675 rss_kb=12629492 command=/opt/codeweaver-experiments/runs/noanalyzer/crust__tisp/rep0/pipeline/target/target/debug/deps/tisp_proj-fe092ade7536cb76
2026-08-04T01:02:50Z kill reason=per_process_limit pid=3861282 rss_kb=13345432 command=/opt/codeweaver-experiments/runs/noanalyzer/crust__tisp/rep0/pipeline/target/target/debug/deps/tisp_proj-fe092ade7536cb76
2026-08-04T01:03:12Z kill reason=per_process_limit pid=3864816 rss_kb=12782956 command=/opt/codeweaver-experiments/runs/noanalyzer/crust__tisp/rep0/pipeline/target/target/debug/deps/tisp_proj-fe092ade7536cb76
2026-08-04T01:03:31Z kill reason=per_process_limit pid=3867319 rss_kb=13009008 command=/opt/codeweaver-experiments/runs/noanalyzer/crust__tisp/rep0/pipeline/target/target/debug/deps/tisp_proj-fe092ade7536cb76
2026-08-04T01:04:03Z kill reason=per_process_limit pid=3869823 rss_kb=12891820 command=/opt/codeweaver-experiments/runs/noanalyzer/crust__tisp/rep0/pipeline/target/target/debug/deps/tisp_proj-fe092ade7536cb76
2026-08-04T01:05:33Z kill reason=per_process_limit pid=3881484 rss_kb=13052588 command=/opt/codeweaver-experiments/runs/noanalyzer/crust__tisp/rep0/pipeline/target/target/debug/deps/test-535a0b89030f0d8b
2026-08-04T01:14:51Z kill reason=per_process_limit pid=3951668 rss_kb=12714024 command=target/debug/test_minimal
2026-08-04T04:36:00Z kill reason=per_process_limit pid=1404413 rss_kb=12625900 command=/opt/codeweaver-experiments/runs/novalidator/crust__tisp/rep0/pipeline/target/target/debug/deps/test-535a0b89030f0d8b
2026-08-04T05:39:25Z kill reason=per_process_limit pid=1908839 rss_kb=12634788 command=/opt/codeweaver-experiments/runs/novalidator/crust__recordmanager/rep0/pipeline/target/target/debug/deps/test-423ccb2a7d0104f4
2026-08-04T06:07:23Z kill reason=per_process_limit pid=2140340 rss_kb=12719452 command=/opt/codeweaver-experiments/runs/novalidator/crust__tisp/rep0/pipeline/target/target/debug/deps/test-535a0b89030f0d8b
2026-08-04T06:20:20Z kill reason=per_process_limit pid=2241014 rss_kb=12607228 command=/opt/codeweaver-experiments/runs/novalidator/crust__tisp/rep0/pipeline/target/target/debug/deps/test-535a0b89030f0d8b
2026-08-04T06:21:07Z kill reason=per_process_limit pid=2247489 rss_kb=12673840 command=/opt/codeweaver-experiments/runs/novalidator/crust__tisp/rep0/pipeline/target/target/debug/deps/test-535a0b89030f0d8b
2026-08-04T06:23:30Z kill reason=per_process_limit pid=2265658 rss_kb=12715552 command=/opt/codeweaver-experiments/runs/novalidator/crust__tisp/rep0/pipeline/target/target/debug/deps/tisp_proj-fe092ade7536cb76
2026-08-04T06:24:33Z kill reason=per_process_limit pid=2274154 rss_kb=12606716 command=/opt/codeweaver-experiments/runs/novalidator/crust__tisp/rep0/pipeline/target/target/debug/deps/tisp_proj-fe092ade7536cb76
2026-08-04T06:29:15Z kill reason=per_process_limit pid=2309182 rss_kb=12833552 command=/opt/codeweaver-experiments/runs/novalidator/crust__tisp/rep0/pipeline/target/target/debug/deps/test-535a0b89030f0d8b
2026-08-04T06:30:02Z kill reason=per_process_limit pid=2315786 rss_kb=12809060 command=/opt/codeweaver-experiments/runs/novalidator/crust__tisp/rep0/pipeline/target/target/debug/deps/test-535a0b89030f0d8b
2026-08-04T06:34:44Z kill reason=per_process_limit pid=2351579 rss_kb=12984720 command=./target/debug/test
2026-08-04T06:47:29Z kill reason=per_process_limit pid=2450033 rss_kb=12801468 command=/tmp/test_m15
2026-08-04T06:49:19Z kill reason=per_process_limit pid=2465053 rss_kb=12789092 command=./target/release/test
2026-08-04T06:54:48Z kill reason=per_process_limit pid=2503383 rss_kb=12748100 command=./target/debug/test
2026-08-04T07:52:48Z kill reason=per_process_limit pid=2953191 rss_kb=12612376 command=./target/debug/tisp
2026-08-04T09:28:14Z kill reason=per_process_limit pid=3651136 rss_kb=12728040 command=./target/debug/test
2026-08-04T17:57:44Z guard_exit terminal=708
