   Compiling find-msvc-tools v0.1.11
   Compiling shlex v2.0.1
   Compiling memchr v2.8.3
   Compiling temp-dir v0.1.16
   Compiling regex-syntax v0.8.11
   Compiling libc v0.2.189
   Compiling lazy_static v1.5.0
   Compiling bitflags v2.13.1
   Compiling posix-regex v0.1.4
   Compiling cc v1.4.3
   Compiling aho-corasick v1.1.5
   Compiling gettext-sys v0.26.0
   Compiling strprintf v0.1.0
   Compiling regex-automata v0.4.18
   Compiling regex v1.13.1
   Compiling locale_config v0.3.0
   Compiling gettext-rs v0.7.7
   Compiling regex-rs v0.1.0
   Compiling actor-li-expr v0.1.0 (/tmp/actor-li-expr-eval-5z48hv81/candidate)
    Finished `release` profile [optimized] target(s) in 3m 45s
