Validating JSONL files...
  Validating file ending of tests00.jsonl...
  Validating file ending of tests01.jsonl...
  Validating file ending of tests02.jsonl...
  Validating file ending of tests03.jsonl...
  Validating file ending of tests04.jsonl...
  All JSONL files are properly formatted
Loading tests from: tests00.jsonl tests01.jsonl tests02.jsonl tests03.jsonl tests04.jsonl
  Processing tests00.jsonl...
  Processing tests01.jsonl...
  Processing tests02.jsonl...
  Processing tests03.jsonl...
  Processing tests04.jsonl...
Loaded 70 tests total
Loading normalization rules from: norm_rules.jsonl
  Loaded 2 normalization rules successfully
Comparing /tmp/actor-li-csplit-negative-ycic87dd/sandbox/isolated-candidate with ./csplit.ref
Running 70 tests...

FAIL: split_by_line_number
  Reference exit: 0, Test exit: 1
  Output differs
FAIL: split_by_regex
  Reference exit: 0, Test exit: 1
  Output differs
FAIL: suffix_length_option
  Reference exit: 0, Test exit: 1
  Output differs
FAIL: prefix_option
  Reference exit: 0, Test exit: 1
  Output differs
FAIL: invalid_line_number
  Reference exit: 0, Test exit: 0
  Output differs
FAIL: regex_no_match
  Reference exit: 0, Test exit: 0
  Output differs
FAIL: keep_flag
  Reference exit: 0, Test exit: 1
  Output differs
FAIL: suppress_flag
  Reference exit: 0, Test exit: 1
  Output differs
FAIL: repetition_pattern
  Reference exit: 0, Test exit: 1
  Output differs
FAIL: positive_offset_regex
  Reference exit: 0, Test exit: 1
  Output differs
FAIL: percent_regexp_pattern
  Reference exit: 0, Test exit: 1
  Output differs
FAIL: bad_line_number
  Reference exit: 0, Test exit: 0
  Output differs
FAIL: stdin_input
  Reference exit: 0, Test exit: 1
  Output differs
FAIL: missing_input_file
  Reference exit: 0, Test exit: 0
  Output differs
FAIL: invalid_suffix_length
  Reference exit: 0, Test exit: 0
  Output differs
FAIL: zero_suffix_length
  Reference exit: 0, Test exit: 0
  Output differs
FAIL: negative_suffix_length
  Reference exit: 0, Test exit: 0
  Output differs
FAIL: very_long_filename
  Reference exit: 0, Test exit: 0
  Output differs
FAIL: nonexistent_input_file
  Reference exit: 0, Test exit: 0
  Output differs
FAIL: suffix_overflow
  Reference exit: 0, Test exit: 0
  Output differs
FAIL: invalid_repetition
  Reference exit: 0, Test exit: 0
  Output differs
FAIL: negative_repetition
  Reference exit: 0, Test exit: 0
  Output differs
FAIL: unrecognized_pattern
  Reference exit: 0, Test exit: 0
  Output differs
FAIL: regex_missing_trailing
  Reference exit: 0, Test exit: 0
  Output differs
FAIL: regex_invalid_offset
  Reference exit: 0, Test exit: 0
  Output differs
FAIL: regex_bad_pattern
  Reference exit: 0, Test exit: 0
  Output differs
FAIL: negative_offset_regex
  Reference exit: 0, Test exit: 1
  Output differs
FAIL: backwards_line_number
  Reference exit: 1, Test exit: 1
  Output differs
FAIL: zero_line_number
  Reference exit: 0, Test exit: 0
  Output differs
FAIL: empty_input_file
  Reference exit: 0, Test exit: 0
  Output differs
FAIL: single_line_file
  Reference exit: 0, Test exit: 1
  Output differs
FAIL: multiple_patterns_line
  Reference exit: 0, Test exit: 1
  Output differs
FAIL: multiple_patterns_regex
  Reference exit: 0, Test exit: 1
  Output differs
FAIL: regex_with_special_chars
  Reference exit: 1, Test exit: 1
  Output differs
FAIL: large_line_numbers
  Reference exit: 0, Test exit: 1
  Output differs
FAIL: regex_case_sensitive
  Reference exit: 1, Test exit: 1
  Output differs
FAIL: regex_line_boundary
  Reference exit: 1, Test exit: 1
  Output differs
PASS: very_long_lines
FAIL: mixed_line_endings
  Reference exit: 0, Test exit: 1
  Output differs
FAIL: percent_pattern_no_match
  Reference exit: 0, Test exit: 0
  Output differs
FAIL: multiple_repetitions
  Reference exit: 1, Test exit: 1
  Output differs
FAIL: zero_repetition
  Reference exit: 1, Test exit: 1
  Output differs
FAIL: max_files_limit
  Reference exit: 0, Test exit: 1
  Output differs
FAIL: combined_flags
  Reference exit: 0, Test exit: 1
  Output differs
FAIL: regex_dot_metachar
  Reference exit: 0, Test exit: 1
  Output differs
FAIL: regex_star_quantifier
  Reference exit: 0, Test exit: 1
  Output differs
FAIL: regex_plus_quantifier
  Reference exit: 1, Test exit: 1
  Output differs
FAIL: regex_character_class
  Reference exit: 0, Test exit: 1
  Output differs
FAIL: regex_escaped_chars
  Reference exit: 1, Test exit: 1
  Output differs
FAIL: line_with_only_newline
  Reference exit: 0, Test exit: 1
  Output differs
FAIL: large_repetition_count
  Reference exit: 1, Test exit: 1
  Output differs
FAIL: pattern_at_eof
  Reference exit: 0, Test exit: 1
  Output differs
FAIL: mixed_patterns
  Reference exit: 0, Test exit: 1
  Output differs
FAIL: whitespace_in_regex
  Reference exit: 0, Test exit: 1
  Output differs
FAIL: multiline_pattern_match
  Reference exit: 0, Test exit: 1
  Output differs
FAIL: unicode_characters
  Reference exit: 0, Test exit: 1
  Output differs
FAIL: pattern_first_line
  Reference exit: 1, Test exit: 1
  Output differs
FAIL: alternation_in_regex
  Reference exit: 0, Test exit: 1
  Output differs
FAIL: all_flags_combined
  Reference exit: 0, Test exit: 1
  Output differs
FAIL: regex_word_boundary
  Reference exit: 1, Test exit: 1
  Output differs
FAIL: regex_case_insensitive_chars
  Reference exit: 1, Test exit: 1
  Output differs
FAIL: empty_pattern_match
  Reference exit: 1, Test exit: 0
  Output differs
FAIL: pattern_with_numbers
  Reference exit: 1, Test exit: 1
  Output differs
FAIL: consecutive_patterns
  Reference exit: 0, Test exit: 1
  Output differs
FAIL: line_number_edge_case
  Reference exit: 0, Test exit: 1
  Output differs
FAIL: regex_with_tabs
  Reference exit: 0, Test exit: 1
  Output differs
FAIL: multiple_consecutive_splits
  Reference exit: 0, Test exit: 1
  Output differs
FAIL: percent_pattern_boundary
  Reference exit: 0, Test exit: 1
  Output differs
FAIL: regex_anchored_start
  Reference exit: 0, Test exit: 1
  Output differs
FAIL: regex_anchored_end
  Reference exit: 0, Test exit: 1
  Output differs

Results: 1 passed, 69 failed out of 70 tests
Some tests failed!
