Validating JSONL files...
  Validating file ending of tests00.jsonl...
  Validating file ending of tests01.jsonl...
  Validating file ending of tests02.jsonl...
  All JSONL files are properly formatted
Loading tests from: tests00.jsonl tests01.jsonl tests02.jsonl
  Processing tests00.jsonl...
  Processing tests01.jsonl...
  Processing tests02.jsonl...
Loaded 83 tests total
Loading normalization rules from: norm_rules.jsonl
  Loaded 2 normalization rules successfully
Comparing /tmp/actor-li-printf-oracle-haiqe_ks/sandbox/isolated-candidate with ./printf.ref
Running 83 tests...

PASS: simple_string
PASS: decimal_integer
PASS: hex_integer
PASS: floating_point
PASS: percent_sign
PASS: octal_escape
PASS: hex_escape
PASS: backslash_escape
PASS: single_quote_escape
PASS: double_quote_escape
PASS: alert_escape
PASS: backspace_escape
PASS: escape_char
PASS: form_feed_escape
PASS: carriage_return_escape
PASS: vertical_tab_escape
PASS: missing_format_char
PASS: invalid_directive
PASS: invalid_integer
PASS: no_arguments
PASS: null_escape
PASS: unknown_escape
PASS: expected_numeric
PASS: not_completely_converted
PASS: numeric_range_error
PASS: char_format
PASS: char_no_arg
PASS: null_char
PASS: char_empty_string
PASS: char_from_null
PASS: field_width_arg
PASS: precision_arg
PASS: width_precision_args
PASS: width_zero
PASS: precision_zero
PASS: both_zero
PASS: octal_format
PASS: unsigned_format
PASS: uppercase_hex
PASS: scientific_lower
PASS: scientific_upper
PASS: general_float_lower
PASS: fixed_point_upper
PASS: hex_float_lower
PASS: hex_float_width
PASS: escape_string_octal
PASS: escape_string_hex
PASS: escape_string_mixed
PASS: escape_string_c_term
PASS: complex_b_octal
PASS: complex_b_hex
PASS: char_literal_int
PASS: char_literal_unsigned
PASS: char_literal_float
PASS: multi_char_literal
PASS: char_literal_quotes
PASS: empty_char_literal
PASS: double_dash_option
PASS: zero_integer
PASS: zero_float
PASS: zero_octal
PASS: zero_hex
PASS: zero_unsigned
PASS: int_no_arg
PASS: string_no_arg
PASS: float_no_arg
PASS: string_from_null
PASS: int_from_null
PASS: unsigned_from_null
PASS: float_from_null
PASS: format_reuse_multi
PASS: format_reuse_insufficient
PASS: mixed_format_insufficient
PASS: negative_hex
PASS: negative_octal
PASS: negative_unsigned
PASS: very_large_int
PASS: very_small_float
PASS: very_large_float
PASS: float_many_decimals
PASS: format_with_flags
PASS: format_precision_dot
PASS: empty_string

Results: 83 passed, 0 failed out of 83 tests
All tests passed!
