    Blocking waiting for file lock on package cache
    Blocking waiting for file lock on package cache
    Blocking waiting for file lock on package cache
   Compiling libc v0.2.189
   Compiling rustix v1.1.4
   Compiling getrandom v0.4.3
   Compiling cfg-if v1.0.4
   Compiling bitflags v2.13.1
   Compiling linux-raw-sys v0.12.1
   Compiling fastrand v2.5.0
   Compiling once_cell v1.21.4
   Compiling posix-regex v0.1.4
   Compiling tempfile v3.27.0
   Compiling actor-li-csplit v0.1.0 (/tmp/actor-li-csplit-eval-p2cy8c8w/candidate)
warning: field `eof` is never read
  --> src/boundary.rs:29:9
   |
27 | pub struct ChunkRead {
   |            --------- field in this struct
28 |     pub chunk: Option<LineChunk>,
29 |     pub eof: bool,
   |         ^^^
   |
   = note: `ChunkRead` has a derived impl for the trait `Debug`, but this is intentionally ignored during dead code analysis
   = note: `#[warn(dead_code)]` (part of `#[warn(unused)]`) on by default

warning: trait `OutputWriter` is never used
  --> src/boundary.rs:67:11
   |
67 | pub trait OutputWriter: Write {}
   |           ^^^^^^^^^^^^

warning: `actor-li-csplit` (bin "csplit") generated 2 warnings
    Finished `release` profile [optimized] target(s) in 7.78s
